<?xml version="1.0" encoding="UTF-8"?>
<TestRun id="38cba80e-4d77-41fd-882f-834dbb789bc8" name="vkamat@VIVEKK 2016-08-30 12:29:43" runUser="INTERNAL\vkamat" xmlns="http://microsoft.com/schemas/VisualStudio/TeamTest/2010">
  <Times creation="2016-08-30T12:29:43.3661166+05:30" queuing="2016-08-30T12:29:43.3661166+05:30" start="2016-08-30T12:29:41.8929693+05:30" finish="2016-08-30T12:29:43.4101210+05:30" />
  <TestSettings name="default" id="8e31cf95-2155-474e-aaf0-0ba1bc89f011">
    <Execution>
      <TestTypeSpecific />
    </Execution>
    <Deployment runDeploymentRoot="vkamat_VIVEKK 2016-08-30 12_29_43" />
    <Properties />
  </TestSettings>
  <Results>
    <UnitTestResult executionId="b38fb081-9a85-4983-9719-f1e30bf41296" testId="8e6f3abd-cd02-56fc-69f1-4b5ed96fb320" testName="TestForUserIdZero" computerName="VIVEKK" duration="00:00:00.4927904" startTime="2016-08-30T12:29:41.8929693+05:30" endTime="2016-08-30T12:29:42.5570357+05:30" testType="13cdc9d9-ddb5-4fa4-a97d-d965ccfc6d4b" outcome="Passed" testListId="8c84fa94-04c1-424b-9868-57a2d4851a1d" relativeResultsDirectory="b38fb081-9a85-4983-9719-f1e30bf41296" />
    <UnitTestResult executionId="2026452f-99b4-40cd-8a25-683e99162c4f" testId="8b92d687-ebf9-e069-82f5-85665429e37f" testName="TestForUserIdNotSet" computerName="VIVEKK" duration="00:00:00.0048828" startTime="2016-08-30T12:29:42.5650365+05:30" endTime="2016-08-30T12:29:42.5710371+05:30" testType="13cdc9d9-ddb5-4fa4-a97d-d965ccfc6d4b" outcome="Passed" testListId="8c84fa94-04c1-424b-9868-57a2d4851a1d" relativeResultsDirectory="2026452f-99b4-40cd-8a25-683e99162c4f" />
  </Results>
  <TestDefinitions>
    <UnitTest name="TestForUserIdZero" storage="c:\users\vkamat\documents\visual studio 2015\projects\usermanagement\usermanagement.test\bin\debug\usermanagement.test.dll" id="8e6f3abd-cd02-56fc-69f1-4b5ed96fb320">
      <Execution id="b38fb081-9a85-4983-9719-f1e30bf41296" />
      <TestMethod codeBase="C:\Users\vkamat\documents\visual studio 2015\Projects\UserManagement\UserManagement.Test\bin\Debug\UserManagement.Test.dll" adapterTypeName="Microsoft.VisualStudio.TestTools.TestTypes.Unit.UnitTestAdapter" className="UserManagement.Test.CreateUser" name="TestForUserIdZero" />
    </UnitTest>
    <UnitTest name="TestForUserIdNotSet" storage="c:\users\vkamat\documents\visual studio 2015\projects\usermanagement\usermanagement.test\bin\debug\usermanagement.test.dll" id="8b92d687-ebf9-e069-82f5-85665429e37f">
      <Execution id="2026452f-99b4-40cd-8a25-683e99162c4f" />
      <TestMethod codeBase="C:\Users\vkamat\documents\visual studio 2015\Projects\UserManagement\UserManagement.Test\bin\Debug\UserManagement.Test.dll" adapterTypeName="Microsoft.VisualStudio.TestTools.TestTypes.Unit.UnitTestAdapter" className="UserManagement.Test.CreateUser" name="TestForUserIdNotSet" />
    </UnitTest>
  </TestDefinitions>
  <TestEntries>
    <TestEntry testId="8e6f3abd-cd02-56fc-69f1-4b5ed96fb320" executionId="b38fb081-9a85-4983-9719-f1e30bf41296" testListId="8c84fa94-04c1-424b-9868-57a2d4851a1d" />
    <TestEntry testId="8b92d687-ebf9-e069-82f5-85665429e37f" executionId="2026452f-99b4-40cd-8a25-683e99162c4f" testListId="8c84fa94-04c1-424b-9868-57a2d4851a1d" />
  </TestEntries>
  <TestLists>
    <TestList name="Results Not in a List" id="8c84fa94-04c1-424b-9868-57a2d4851a1d" />
    <TestList name="All Loaded Results" id="19431567-8539-422a-85d7-44ee4e166bda" />
  </TestLists>
  <ResultSummary outcome="Completed">
    <Counters total="2" executed="2" passed="2" failed="0" error="0" timeout="0" aborted="0" inconclusive="0" passedButRunAborted="0" notRunnable="0" notExecuted="0" disconnected="0" warning="0" completed="0" inProgress="0" pending="0" />
  </ResultSummary>
</TestRun>